// Jest Snapshot v1, https://goo.gl/fbAQLP

exports[`App renders without crashing 1`] = `
ShallowWrapper {
  "length": 1,
  Symbol(enzyme.__root__): [Circular],
  Symbol(enzyme.__unrendered__): <App />,
  Symbol(enzyme.__renderer__): Object {
    "batchedUpdates": [Function],
    "getNode": [Function],
    "render": [Function],
    "simulateEvent": [Function],
    "unmount": [Function],
  },
  Symbol(enzyme.__node__): Object {
    "instance": null,
    "key": undefined,
    "nodeType": "host",
    "props": Object {
      "children": Array [
        <Header />,
        <Unknown>
          <ButtonPrimary
                    buttonClasses="float-right mt-1 mr-3"
                    buttonText="Add a recipe"
                    onClick={[Function]}
          />
          <DisplayRecipes
                    displayRecipe={[Function]}
          />
</Unknown>,
        false,
      ],
      "className": "App",
    },
    "ref": null,
    "rendered": Array [
      Object {
        "instance": null,
        "key": undefined,
        "nodeType": "function",
        "props": Object {},
        "ref": null,
        "rendered": null,
        "type": [Function],
      },
      Object {
        "instance": null,
        "key": undefined,
        "nodeType": "function",
        "props": Object {
          "children": Array [
            <ButtonPrimary
              buttonClasses="float-right mt-1 mr-3"
              buttonText="Add a recipe"
              onClick={[Function]}
/>,
            false,
            <DisplayRecipes
              displayRecipe={[Function]}
/>,
          ],
        },
        "ref": null,
        "rendered": Array [
          Object {
            "instance": null,
            "key": undefined,
            "nodeType": "function",
            "props": Object {
              "buttonClasses": "float-right mt-1 mr-3",
              "buttonText": "Add a recipe",
              "onClick": [Function],
            },
            "ref": null,
            "rendered": null,
            "type": [Function],
          },
          false,
          Object {
            "instance": null,
            "key": undefined,
            "nodeType": "class",
            "props": Object {
              "displayRecipe": [Function],
            },
            "ref": null,
            "rendered": null,
            "type": [Function],
          },
        ],
        "type": Symbol(react.fragment),
      },
      false,
    ],
    "type": "div",
  },
  Symbol(enzyme.__nodes__): Array [
    Object {
      "instance": null,
      "key": undefined,
      "nodeType": "host",
      "props": Object {
        "children": Array [
          <Header />,
          <Unknown>
            <ButtonPrimary
                        buttonClasses="float-right mt-1 mr-3"
                        buttonText="Add a recipe"
                        onClick={[Function]}
            />
            <DisplayRecipes
                        displayRecipe={[Function]}
            />
</Unknown>,
          false,
        ],
        "className": "App",
      },
      "ref": null,
      "rendered": Array [
        Object {
          "instance": null,
          "key": undefined,
          "nodeType": "function",
          "props": Object {},
          "ref": null,
          "rendered": null,
          "type": [Function],
        },
        Object {
          "instance": null,
          "key": undefined,
          "nodeType": "function",
          "props": Object {
            "children": Array [
              <ButtonPrimary
                buttonClasses="float-right mt-1 mr-3"
                buttonText="Add a recipe"
                onClick={[Function]}
/>,
              false,
              <DisplayRecipes
                displayRecipe={[Function]}
/>,
            ],
          },
          "ref": null,
          "rendered": Array [
            Object {
              "instance": null,
              "key": undefined,
              "nodeType": "function",
              "props": Object {
                "buttonClasses": "float-right mt-1 mr-3",
                "buttonText": "Add a recipe",
                "onClick": [Function],
              },
              "ref": null,
              "rendered": null,
              "type": [Function],
            },
            false,
            Object {
              "instance": null,
              "key": undefined,
              "nodeType": "class",
              "props": Object {
                "displayRecipe": [Function],
              },
              "ref": null,
              "rendered": null,
              "type": [Function],
            },
          ],
          "type": Symbol(react.fragment),
        },
        false,
      ],
      "type": "div",
    },
  ],
  Symbol(enzyme.__options__): Object {
    "adapter": ReactSixteenAdapter {
      "options": Object {
        "enableComponentDidUpdateOnSetState": true,
      },
    },
  },
}
`;
